["player1 was added","They are player number 1","player2 was added","They are player number 2","player3 was added","They are player number 3","player4 was added","They are player number 4","player5 was added","They are player number 5","player6 was added","They are player number 6","player7 was added","They are player number 7","player8 was added","They are player number 8"]
