["CONSTR","Player was added","They are player number 1"]
